lora_at.c:1839:13:print_8_02x	40	static
lora_at.c:1824:13:print_uint32_as_02x	24	static
lora_at.c:1851:13:print_d	16	static
lora_at.c:1862:13:print_u	16	static
lora_at.c:1884:13:CertifSend	8	static
lora_at.c:1873:13:OnCertifTimer	8	static
lora_at.c:1901:16:Char2Nibble	0	static
lora_at.c:1924:16:stringToData	32	static
lora_at.c:134:6:AT_event_join	8	static
lora_at.c:152:6:AT_event_receive	72	static
lora_at.c:191:6:AT_event_confirm	8	static
lora_at.c:205:12:AT_return_ok	0	static
lora_at.c:210:12:AT_return_error	0	static
lora_at.c:215:12:AT_reset	0	static,ignoring_inline_asm
lora_at.c:226:12:AT_Region_get	72	static
lora_at.c:250:12:AT_Region_set	16	static
lora_at.c:276:12:AT_DevEUI_get	16	static
lora_at.c:294:12:AT_DevEUI_set	40	static
lora_at.c:318:12:AT_JoinEUI_get	16	static
lora_at.c:336:12:AT_JoinEUI_set	40	static
lora_at.c:360:12:AT_DevAddr_get	16	static
lora_at.c:378:12:AT_DevAddr_set	24	static
lora_at.c:400:12:AT_ADR_get	24	static
lora_at.c:418:12:AT_ADR_set	8	static
lora_at.c:439:12:AT_TransmitPower_get	24	static
lora_at.c:457:12:AT_TransmitPower_set	16	static
lora_at.c:479:12:AT_DataRate_get	24	static
lora_at.c:497:12:AT_DataRate_set	16	static
lora_at.c:524:12:AT_DutyCycle_get	24	static
lora_at.c:542:12:AT_DutyCycle_set	8	static
lora_at.c:563:12:AT_Rx2Frequency_get	16	static
lora_at.c:577:12:AT_Rx2DataRate_get	16	static
lora_at.c:591:12:AT_Rx1Delay_get	16	static
lora_at.c:609:12:AT_Rx2Delay_get	16	static
lora_at.c:627:12:AT_JoinAcceptDelay1_get	16	static
lora_at.c:645:12:AT_JoinAcceptDelay2_get	16	static
lora_at.c:663:12:AT_Rx2Frequency_set	16	static
lora_at.c:689:12:AT_Rx2DataRate_set	16	static
lora_at.c:719:12:AT_Rx1Delay_set	16	static
lora_at.c:740:12:AT_Rx2Delay_set	16	static
lora_at.c:761:12:AT_JoinAcceptDelay1_set	16	static
lora_at.c:782:12:AT_JoinAcceptDelay2_set	16	static
lora_at.c:803:12:AT_NetworkID_get	16	static
lora_at.c:821:12:AT_NetworkID_set	24	static
lora_at.c:839:12:AT_DeviceClass_get	32	static
lora_at.c:894:12:AT_DeviceClass_set	8	static
lora_at.c:948:12:AT_PingSlot_get	24	static
lora_at.c:967:12:AT_PingSlot_set	16	static
lora_at.c:993:12:AT_LocalTime_get	88	static
lora_at.c:1016:12:AT_Join	8	static
lora_at.c:1039:12:AT_Send	40	static
lora_at.c:1163:12:AT_version_get	32	static
lora_at.c:1192:12:AT_bat_get	8	static
lora_at.c:1205:12:AT_test_txTone	8	static
lora_at.c:1223:12:AT_test_rxRssi	8	static
lora_at.c:1241:12:AT_test_tx	16	static
lora_at.c:1273:12:AT_test_tx_hopping	96	static
lora_at.c:1335:12:AT_test_rx	16	static
lora_at.c:1362:12:AT_write_register	32	static
lora_at.c:1394:12:AT_read_register	40	static
lora_at.c:1423:12:AT_verbose_set	16	static
lora_at.c:1451:12:AT_verbose_get	8	static
lora_at.c:1463:12:AT_test_get_config	152	static
lora_at.c:1520:12:AT_test_set_config	176	static
lora_at.c:1764:12:AT_test_stop	8	static
lora_at.c:1777:12:AT_Certif	24	static
