stm32l0xx_it.c:73:6:NMI_Handler	0	static
stm32l0xx_it.c:86:6:HardFault_Handler	0	static,ignoring_inline_asm
stm32l0xx_it.c:102:6:MemManage_Handler	0	static
stm32l0xx_it.c:117:6:BusFault_Handler	0	static
stm32l0xx_it.c:132:6:UsageFault_Handler	0	static
stm32l0xx_it.c:147:6:SVC_Handler	0	static
stm32l0xx_it.c:160:6:DebugMon_Handler	0	static
stm32l0xx_it.c:173:6:PendSV_Handler	0	static
stm32l0xx_it.c:186:6:SysTick_Handler	8	static
stm32l0xx_it.c:213:6:EXTI0_1_IRQHandler	8	static
stm32l0xx_it.c:222:6:EXTI2_3_IRQHandler	0	static
stm32l0xx_it.c:229:6:EXTI4_15_IRQHandler	8	static
stm32l0xx_it.c:247:6:DMA1_Channel2_3_IRQHandler	8	static
stm32l0xx_it.c:261:6:USART1_IRQHandler	8	static
stm32l0xx_it.c:273:6:RTC_IRQHandler	8	static
